[debug] [2026-04-28T15:34:52.725Z] ----------------------------------------------------------------------
[debug] [2026-04-28T15:34:52.727Z] Command:       /opt/homebrew/Cellar/node/25.6.1/bin/node /opt/homebrew/bin/firebase init
[debug] [2026-04-28T15:34:52.727Z] CLI Version:   15.15.0
[debug] [2026-04-28T15:34:52.727Z] Platform:      darwin
[debug] [2026-04-28T15:34:52.727Z] Node Version:  v25.6.1
[debug] [2026-04-28T15:34:52.727Z] Time:          Tue Apr 28 2026 18:34:52 GMT+0300 (Arabian Standard Time)
[debug] [2026-04-28T15:34:52.727Z] ----------------------------------------------------------------------
[debug] 
[info] 
     ######## #### ########  ######## ########     ###     ######  ########
     ##        ##  ##     ## ##       ##     ##  ##   ##  ##       ##
     ######    ##  ########  ######   ########  #########  ######  ######
     ##        ##  ##    ##  ##       ##     ## ##     ##       ## ##
     ##       #### ##     ## ######## ########  ##     ##  ######  ########

You're about to initialize a Firebase project in this directory:

  /Users/azhar/Projects/expense-tracker

[info] 
=== Project Setup
[info] 
[info] First, let's associate this project directory with a Firebase project.
[info] You can create multiple project aliases by running firebase use --add, 
[info] 
[debug] [2026-04-28T17:40:27.060Z] > command requires scopes: ["email","openid","https://www.googleapis.com/auth/cloudplatformprojects.readonly","https://www.googleapis.com/auth/firebase","https://www.googleapis.com/auth/cloud-platform"]
[debug] [2026-04-28T17:40:27.061Z] > authorizing via signed-in user (azhar2123@gmail.com)
[debug] [2026-04-28T17:40:27.062Z] Checked if tokens are valid: false, expires at: 1777394079143
[debug] [2026-04-28T17:40:27.063Z] Checked if tokens are valid: false, expires at: 1777394079143
[debug] [2026-04-28T17:40:27.063Z] > refreshing access token with scopes: []
[debug] [2026-04-28T17:40:27.065Z] >>> [apiv2][query] POST https://www.googleapis.com/oauth2/v3/token [none]
[debug] [2026-04-28T17:40:27.065Z] >>> [apiv2][body] POST https://www.googleapis.com/oauth2/v3/token [omitted]
[debug] [2026-04-28T17:40:27.456Z] <<< [apiv2][status] POST https://www.googleapis.com/oauth2/v3/token 200
[debug] [2026-04-28T17:40:27.456Z] <<< [apiv2][body] POST https://www.googleapis.com/oauth2/v3/token [omitted]
[debug] [2026-04-28T17:40:27.474Z] >>> [apiv2][query] GET https://firebase.googleapis.com/v1beta1/projects pageSize=100
[debug] [2026-04-28T17:40:28.329Z] <<< [apiv2][status] GET https://firebase.googleapis.com/v1beta1/projects 200
[debug] [2026-04-28T17:40:28.329Z] <<< [apiv2][body] GET https://firebase.googleapis.com/v1beta1/projects [omitted]
[info] 
=== Hosting Setup
[debug] [2026-04-28T17:40:32.952Z] Checked if tokens are valid: true, expires at: 1777401626456
[debug] [2026-04-28T17:40:32.952Z] Checked if tokens are valid: true, expires at: 1777401626456
[debug] [2026-04-28T17:40:32.952Z] >>> [apiv2][query] GET https://firebase.googleapis.com/v1beta1/projects/expense-tracker-a3e25 [none]
[debug] [2026-04-28T17:40:33.300Z] <<< [apiv2][status] GET https://firebase.googleapis.com/v1beta1/projects/expense-tracker-a3e25 200
[debug] [2026-04-28T17:40:33.300Z] <<< [apiv2][body] GET https://firebase.googleapis.com/v1beta1/projects/expense-tracker-a3e25 {"projectId":"expense-tracker-a3e25","projectNumber":"703467750728","displayName":"Expense Tracker","name":"projects/expense-tracker-a3e25","resources":{"hostingSite":"expense-tracker-a3e25"},"state":"ACTIVE","etag":"1_88679ca7-8c9e-4f75-9620-3fdcf27dc480"}
[info] 
[info] Your public directory is the folder (relative to your project directory) that
[info] will contain Hosting assets to be uploaded with firebase deploy. If you
[info] have a build process for your assets, use your build's output directory.
[info] 
